[    0.000000] Linux version 4.15.0-212-generic (buildd@lcy02-amd64-083) (gcc version 7.5.0 (Ubuntu 7.5.0-3ubuntu1~18.04)) #223-Ubuntu SMP Tue May 23 13:09:22 UTC 2023 (Ubuntu 4.15.0-212.223-generic 4.15.18)
[    0.000000] Command line: BOOT_IMAGE=/boot/vmlinuz-4.15.0-212-generic root=LABEL=cloudimg-rootfs ro console=tty1 console=ttyS0
[    0.000000] KERNEL supported cpus:
[    0.000000]   Intel GenuineIntel
[    0.000000]   AMD AuthenticAMD
[    0.000000]   Centaur CentaurHauls
[    0.000000] x86/fpu: x87 FPU will use FXSAVE
[    0.000000] e820: BIOS-provided physical RAM map:
[    0.000000] BIOS-e820: [mem 0x0000000000000000-0x000000000009fbff] usable
[    0.000000] BIOS-e820: [mem 0x000000000009fc00-0x000000000009ffff] reserved
[    0.000000] BIOS-e820: [mem 0x00000000000f0000-0x00000000000fffff] reserved
[    0.000000] BIOS-e820: [mem 0x0000000000100000-0x000000000ffeffff] usable
[    0.000000] BIOS-e820: [mem 0x000000000fff0000-0x000000000fffffff] ACPI data
[    0.000000] BIOS-e820: [mem 0x00000000fec00000-0x00000000fec00fff] reserved
[    0.000000] BIOS-e820: [mem 0x00000000fee00000-0x00000000fee00fff] reserved
[    0.000000] BIOS-e820: [mem 0x00000000fffc0000-0x00000000ffffffff] reserved
[    0.000000] NX (Execute Disable) protection: active
[    0.000000] SMBIOS 2.5 present.
[    0.000000] DMI: innotek GmbH VirtualBox/VirtualBox, BIOS VirtualBox 12/01/2006
[    0.000000] Hypervisor detected: KVM
[    0.000000] e820: last_pfn = 0xfff0 max_arch_pfn = 0x400000000
[    0.000000] MTRR: Disabled
[    0.000000] x86/PAT: MTRRs disabled, skipping PAT initialization too.
[    0.000000] CPU MTRRs all blank - virtualized system.
[    0.000000] x86/PAT: Configuration [0-7]: WB  WT  UC- UC  WB  WT  UC- UC  
[    0.000000] found SMP MP-table at [mem 0x0009fff0-0x0009ffff]
[    0.000000] Scanning 1 areas for low memory corruption
[    0.000000] RAMDISK: [mem 0x0db01000-0x0ee12fff]
[    0.000000] ACPI: Early table checksum verification disabled
[    0.000000] ACPI: RSDP 0x00000000000E0000 000024 (v02 VBOX  )
[    0.000000] ACPI: XSDT 0x000000000FFF0030 00003C (v01 VBOX   VBOXXSDT 00000001 ASL  00000061)
[    0.000000] ACPI: FACP 0x000000000FFF00F0 0000F4 (v04 VBOX   VBOXFACP 00000001 ASL  00000061)
[    0.000000] ACPI: DSDT 0x000000000FFF0610 002353 (v02 VBOX   VBOXBIOS 00000002 INTL 20100528)
[    0.000000] ACPI: FACS 0x000000000FFF0200 000040
[    0.000000] ACPI: FACS 0x000000000FFF0200 000040
[    0.000000] ACPI: APIC 0x000000000FFF0240 000054 (v02 VBOX   VBOXAPIC 00000001 ASL  00000061)
[    0.000000] ACPI: SSDT 0x000000000FFF02A0 00036C (v01 VBOX   VBOXCPUT 00000002 INTL 20100528)
[    0.000000] ACPI: Reserving FACP table memory at [mem 0xfff00f0-0xfff01e3]
[    0.000000] ACPI: Reserving DSDT table memory at [mem 0xfff0610-0xfff2962]
[    0.000000] ACPI: Reserving FACS table memory at [mem 0xfff0200-0xfff023f]
[    0.000000] ACPI: Reserving FACS table memory at [mem 0xfff0200-0xfff023f]
[    0.000000] ACPI: Reserving APIC table memory at [mem 0xfff0240-0xfff0293]
[    0.000000] ACPI: Reserving SSDT table memory at [mem 0xfff02a0-0xfff060b]
[    0.000000] No NUMA configuration found
[    0.000000] Faking a node at [mem 0x0000000000000000-0x000000000ffeffff]
[    0.000000] NODE_DATA(0) allocated [mem 0x0ffc5000-0x0ffeffff]
[    0.000000] kvm-clock: cpu 0, msr 0:ff44001, primary cpu clock
[    0.000000] kvm-clock: Using msrs 4b564d01 and 4b564d00
[    0.000000] kvm-clock: using sched offset of 5382421691 cycles
[    0.000000] clocksource: kvm-clock: mask: 0xffffffffffffffff max_cycles: 0x1cd42e4dffb, max_idle_ns: 881590591483 ns
[    0.000000] Zone ranges:
[    0.000000]   DMA      [mem 0x0000000000001000-0x0000000000ffffff]
[    0.000000]   DMA32    [mem 0x0000000001000000-0x000000000ffeffff]
[    0.000000]   Normal   empty
[    0.000000]   Device   empty
[    0.000000] Movable zone start for each node
[    0.000000] Early memory node ranges
[    0.000000]   node   0: [mem 0x0000000000001000-0x000000000009efff]
[    0.000000]   node   0: [mem 0x0000000000100000-0x000000000ffeffff]
[    0.000000] Reserved but unavailable: 104 pages
[    0.000000] Initmem setup node 0 [mem 0x0000000000001000-0x000000000ffeffff]
[    0.000000] ACPI: PM-Timer IO Port: 0x4008
[    0.000000] IOAPIC[0]: apic_id 1, version 32, address 0xfec00000, GSI 0-23
[    0.000000] ACPI: INT_SRC_OVR (bus 0 bus_irq 0 global_irq 2 dfl dfl)
[    0.000000] ACPI: INT_SRC_OVR (bus 0 bus_irq 9 global_irq 9 low level)
[    0.000000] Using ACPI (MADT) for SMP configuration information
[    0.000000] smpboot: Allowing 1 CPUs, 0 hotplug CPUs
[    0.000000] PM: Registered nosave memory: [mem 0x00000000-0x00000fff]
[    0.000000] PM: Registered nosave memory: [mem 0x0009f000-0x0009ffff]
[    0.000000] PM: Registered nosave memory: [mem 0x000a0000-0x000effff]
[    0.000000] PM: Registered nosave memory: [mem 0x000f0000-0x000fffff]
[    0.000000] e820: [mem 0x10000000-0xfebfffff] available for PCI devices
[    0.000000] Booting paravirtualized kernel on KVM
[    0.000000] clocksource: refined-jiffies: mask: 0xffffffff max_cycles: 0xffffffff, max_idle_ns: 7645519600211568 ns
[    0.000000] setup_percpu: NR_CPUS:8192 nr_cpumask_bits:1 nr_cpu_ids:1 nr_node_ids:1
[    0.000000] percpu: Embedded 50 pages/cpu s167936 r8192 d28672 u2097152
[    0.000000] PV qspinlock hash table entries: 256 (order: 0, 4096 bytes)
[    0.000000] Built 1 zonelists, mobility grouping on.  Total pages: 64377
[    0.000000] Policy zone: DMA32
[    0.000000] Kernel command line: BOOT_IMAGE=/boot/vmlinuz-4.15.0-212-generic root=LABEL=cloudimg-rootfs ro console=tty1 console=ttyS0
[    0.000000] Memory: 208700K/261688K available (12300K kernel code, 2477K rwdata, 4324K rodata, 2480K init, 2720K bss, 52988K reserved, 0K cma-reserved)
[    0.000000] SLUB: HWalign=64, Order=0-3, MinObjects=0, CPUs=1, Nodes=1
[    0.000000] Kernel/User page tables isolation: enabled
[    0.000000] ftrace: allocating 39508 entries in 155 pages
[    0.004000] Hierarchical RCU implementation.
[    0.004000] 	RCU restricting CPUs from NR_CPUS=8192 to nr_cpu_ids=1.
[    0.004000] 	Tasks RCU enabled.
[    0.004000] RCU: Adjusting geometry for rcu_fanout_leaf=16, nr_cpu_ids=1
[    0.004000] NR_IRQS: 524544, nr_irqs: 256, preallocated irqs: 16
[    0.004000] random: crng init done
[    0.004000] Console: colour VGA+ 80x25
[    0.004000] console [tty1] enabled
[    0.004000] console [ttyS0] enabled
[    0.004000] ACPI: Core revision 20170831
[    0.004000] ACPI: 2 ACPI AML tables successfully acquired and loaded
[    0.004000] APIC: Switch to symmetric I/O mode setup
[    0.008000] ..TIMER: vector=0x30 apic1=0 pin1=2 apic2=-1 pin2=-1
[    0.008008] tsc: Detected 2496.000 MHz processor
[    0.012057] Calibrating delay loop (skipped) preset value.. 4992.00 BogoMIPS (lpj=9984000)
[    0.016008] pid_max: default: 32768 minimum: 301
[    0.020129] Security Framework initialized
[    0.024008] Yama: becoming mindful.
[    0.028091] AppArmor: AppArmor initialized
[    0.032847] Dentry cache hash table entries: 32768 (order: 6, 262144 bytes)
[    0.036425] Inode-cache hash table entries: 16384 (order: 5, 131072 bytes)
[    0.040073] Mount-cache hash table entries: 512 (order: 0, 4096 bytes)
[    0.044019] Mountpoint-cache hash table entries: 512 (order: 0, 4096 bytes)
[    0.054501] Last level iTLB entries: 4KB 64, 2MB 8, 4MB 8
[    0.056010] Last level dTLB entries: 4KB 64, 2MB 0, 4MB 0, 1GB 4
[    0.060012] Spectre V1 : Mitigation: usercopy/swapgs barriers and __user pointer sanitization
[    0.064010] Spectre V2 : Mitigation: Retpolines
[    0.068006] Spectre V2 : Spectre v2 / SpectreRSB mitigation: Filling RSB on context switch
[    0.072006] Spectre V2 : Spectre v2 / SpectreRSB : Filling RSB on VMEXIT
[    0.076006] RETBleed: WARNING: Spectre v2 mitigation leaves CPU vulnerable to RETBleed attacks, data leaks possible!
[    0.080007] RETBleed: Vulnerable
[    0.084007] Speculative Store Bypass: Vulnerable
[    0.092326] MDS: Mitigation: Clear CPU buffers
[    0.096007] MMIO Stale Data: Mitigation: Clear CPU buffers
[    0.100008] SRBDS: Unknown: Dependent on hypervisor status
[    0.116000] Freeing SMP alternatives memory: 36K
[    0.228008] APIC calibration not consistent with PM-Timer: 102ms instead of 100ms
[    0.232000] APIC delta adjusted to PM-Timer: 6326217 (6500370)
[    0.232915] smpboot: CPU0: Intel(R) Core(TM) i5-6300U CPU @ 2.40GHz (family: 0x6, model: 0x4e, stepping: 0x3)
[    0.236302] Performance Events: unsupported p6 CPU model 78 no PMU driver, software events only.
[    0.240235] Hierarchical SRCU implementation.
[    0.246361] NMI watchdog: Perf event create on CPU 0 failed with -2
[    0.248134] NMI watchdog: Perf NMI watchdog permanently disabled
[    0.252490] smp: Bringing up secondary CPUs ...
[    0.256008] smp: Brought up 1 node, 1 CPU
[    0.260008] smpboot: Max logical packages: 1
[    0.264009] smpboot: Total of 1 processors activated (4992.00 BogoMIPS)
[    0.270794] devtmpfs: initialized
[    0.272118] x86/mm: Memory block size: 128MB
[    0.276335] evm: security.selinux
[    0.280012] evm: security.SMACK64
[    0.284005] evm: security.SMACK64EXEC
[    0.288004] evm: security.SMACK64TRANSMUTE
[    0.292008] evm: security.SMACK64MMAP
[    0.296003] evm: security.apparmor
[    0.300009] evm: security.ima
[    0.304005] evm: security.capability
[    0.308334] clocksource: jiffies: mask: 0xffffffff max_cycles: 0xffffffff, max_idle_ns: 7645041785100000 ns
[    0.312023] futex hash table entries: 256 (order: 2, 16384 bytes)
[    0.316201] pinctrl core: initialized pinctrl subsystem
[    0.320694] RTC time:  3:36:14, date: 08/11/24
[    0.324426] NET: Registered protocol family 16
[    0.328172] audit: initializing netlink subsys (disabled)
[    0.332522] cpuidle: using governor ladder
[    0.336020] audit: type=2000 audit(1723347379.912:1): state=initialized audit_enabled=0 res=1
[    0.340015] cpuidle: using governor menu
[    0.344113] ACPI: bus type PCI registered
[    0.348011] acpiphp: ACPI Hot Plug PCI Controller Driver version: 0.5
[    0.352728] PCI: Using configuration type 1 for base access
[    0.358946] HugeTLB registered 2.00 MiB page size, pre-allocated 0 pages
[    0.360980] ACPI: Added _OSI(Module Device)
[    0.364015] ACPI: Added _OSI(Processor Device)
[    0.368013] ACPI: Added _OSI(3.0 _SCP Extensions)
[    0.372009] ACPI: Added _OSI(Processor Aggregator Device)
[    0.376027] ACPI: Added _OSI(Linux-Dell-Video)
[    0.380036] ACPI: Added _OSI(Linux-Lenovo-NV-HDMI-Audio)
[    0.384013] ACPI: Added _OSI(Linux-HPI-Hybrid-Graphics)
[    0.389660] ACPI: Executed 1 blocks of module-level executable AML code
[    0.398930] ACPI: Interpreter enabled
[    0.400034] ACPI: (supports S0 S5)
[    0.404007] ACPI: Using IOAPIC for interrupt routing
[    0.408708] PCI: Using host bridge windows from ACPI; if necessary, use "pci=nocrs" and report a bug
[    0.412427] ACPI: Enabled 2 GPEs in block 00 to 07
[    0.437108] ACPI: PCI Root Bridge [PCI0] (domain 0000 [bus 00-ff])
[    0.440028] acpi PNP0A03:00: _OSC: OS supports [ASPM ClockPM Segments MSI]
[    0.449480] acpi PNP0A03:00: _OSC: not requesting OS control; OS requires [ExtendedConfig ASPM ClockPM MSI]
[    0.452042] acpi PNP0A03:00: fail to add MMCONFIG information, can't access extended PCI configuration space under this bridge.
[    0.461399] PCI host bridge to bus 0000:00
[    0.464015] pci_bus 0000:00: root bus resource [io  0x0000-0x0cf7 window]
[    0.468015] pci_bus 0000:00: root bus resource [io  0x0d00-0xffff window]
[    0.472015] pci_bus 0000:00: root bus resource [mem 0x000a0000-0x000bffff window]
[    0.476014] pci_bus 0000:00: root bus resource [mem 0x10000000-0xfdffffff window]
[    0.480014] pci_bus 0000:00: root bus resource [bus 00-ff]
[    0.499253] pci 0000:00:01.1: legacy IDE quirk: reg 0x10: [io  0x01f0-0x01f7]
[    0.500011] pci 0000:00:01.1: legacy IDE quirk: reg 0x14: [io  0x03f6]
[    0.504014] pci 0000:00:01.1: legacy IDE quirk: reg 0x18: [io  0x0170-0x0177]
[    0.508011] pci 0000:00:01.1: legacy IDE quirk: reg 0x1c: [io  0x0376]
[    0.557933] pci 0000:00:07.0: quirk: [io  0x4000-0x403f] claimed by PIIX4 ACPI
[    0.560069] pci 0000:00:07.0: quirk: [io  0x4100-0x410f] claimed by PIIX4 SMB
[    0.608735] ACPI: PCI Interrupt Link [LNKA] (IRQs 5 9 10 *11)
[    0.624349] ACPI: PCI Interrupt Link [LNKB] (IRQs 5 9 *10 11)
[    0.628778] ACPI: PCI Interrupt Link [LNKC] (IRQs 5 *9 10 11)
[    0.640722] ACPI: PCI Interrupt Link [LNKD] (IRQs 5 9 10 *11)
[    0.645361] SCSI subsystem initialized
[    0.648361] pci 0000:00:02.0: vgaarb: setting as boot VGA device
[    0.652000] pci 0000:00:02.0: vgaarb: VGA device added: decodes=io+mem,owns=io+mem,locks=none
[    0.652016] pci 0000:00:02.0: vgaarb: bridge control possible
[    0.656013] vgaarb: loaded
[    0.660070] ACPI: bus type USB registered
[    0.664164] usbcore: registered new interface driver usbfs
[    0.668049] usbcore: registered new interface driver hub
[    0.672051] usbcore: registered new device driver usb
[    0.681080] EDAC MC: Ver: 3.0.0
[    0.694175] PCI: Using ACPI for IRQ routing
[    0.698947] NetLabel: Initializing
[    0.700010] NetLabel:  domain hash size = 128
[    0.704198] NetLabel:  protocols = UNLABELED CIPSOv4 CALIPSO
[    0.708124] NetLabel:  unlabeled traffic allowed by default
[    0.712513] clocksource: Switched to clocksource kvm-clock
[    0.865276] VFS: Disk quotas dquot_6.6.0
[    0.880305] VFS: Dquot-cache hash table entries: 512 (order 0, 4096 bytes)
[    0.907274] AppArmor: AppArmor Filesystem Enabled
[    0.922822] pnp: PnP ACPI init
[    0.937593] pnp: PnP ACPI: found 3 devices
[    0.967637] clocksource: acpi_pm: mask: 0xffffff max_cycles: 0xffffff, max_idle_ns: 2085701024 ns
[    0.991230] NET: Registered protocol family 2
[    1.008986] IP idents hash table entries: 4096 (order: 3, 32768 bytes)
[    1.040218] TCP established hash table entries: 2048 (order: 2, 16384 bytes)
[    1.071301] TCP bind hash table entries: 2048 (order: 3, 32768 bytes)
[    1.091695] TCP: Hash tables configured (established 2048 bind 2048)
[    1.113165] UDP hash table entries: 256 (order: 1, 8192 bytes)
[    1.131974] UDP-Lite hash table entries: 256 (order: 1, 8192 bytes)
[    1.155547] NET: Registered protocol family 1
[    1.169874] pci 0000:00:00.0: Limiting direct PCI/PCI transfers
[    1.190238] pci 0000:00:01.0: Activating ISA DMA hang workarounds
[    1.213223] pci 0000:00:02.0: Video device with shadowed ROM at [mem 0x000c0000-0x000dffff]
[    1.239937] Unpacking initramfs...
[    2.967976] Freeing initrd memory: 19528K
[    2.978630] clocksource: tsc: mask: 0xffffffffffffffff max_cycles: 0x23fa772cf26, max_idle_ns: 440795269835 ns
[    3.001516] platform rtc_cmos: registered platform RTC device (no PNP device found)
[    3.018628] Scanning for low memory corruption every 60 seconds
[    3.033542] Initialise system trusted keyrings
[    3.044867] Key type blacklist registered
[    3.054905] workingset: timestamp_bits=36 max_order=16 bucket_order=0
[    3.081834] zbud: loaded
[    3.093180] squashfs: version 4.0 (2009/01/31) Phillip Lougher
[    3.109874] fuse init (API version 7.26)
[    3.130082] Key type asymmetric registered
[    3.143449] Asymmetric key parser 'x509' registered
[    3.157409] Block layer SCSI generic (bsg) driver version 0.4 loaded (major 246)
[    3.176420] io scheduler noop registered
[    3.186493] io scheduler deadline registered
[    3.196796] io scheduler cfq registered (default)
[    3.210707] ACPI: AC Adapter [AC] (on-line)
[    3.222689] input: Power Button as /devices/LNXSYSTM:00/LNXPWRBN:00/input/input0
[    3.236323] ACPI: Power Button [PWRF]
[    3.243277] input: Sleep Button as /devices/LNXSYSTM:00/LNXSLPBN:00/input/input1
[    3.257074] ACPI: Sleep Button [SLPF]
[    3.267850] ACPI: Battery Slot [BAT0] (battery present)
[    3.277619] Serial: 8250/16550 driver, 32 ports, IRQ sharing enabled
[    3.333179] 00:02: ttyS0 at I/O 0x3f8 (irq = 4, base_baud = 115200) is a 16550A
[    3.352207] Linux agpgart interface v0.103
[    3.428207] loop: module loaded
[    3.461511] scsi host0: ata_piix
[    3.469356] scsi host1: ata_piix
[    3.477971] ata1: PATA max UDMA/33 cmd 0x1f0 ctl 0x3f6 bmdma 0xd000 irq 14
[    3.492635] ata2: PATA max UDMA/33 cmd 0x170 ctl 0x376 bmdma 0xd008 irq 15
[    3.513004] tun: Universal TUN/TAP device driver, 1.6
[    3.525072] PPP generic driver version 2.4.2
[    3.534255] ehci_hcd: USB 2.0 'Enhanced' Host Controller (EHCI) Driver
[    3.548007] ehci-pci: EHCI PCI platform driver
[    3.557979] ehci-platform: EHCI generic platform driver
[    3.571137] ohci_hcd: USB 1.1 'Open' Host Controller (OHCI) Driver
[    3.586424] ohci-pci: OHCI PCI platform driver
[    3.596044] ohci-platform: OHCI generic platform driver
[    3.608812] uhci_hcd: USB Universal Host Controller Interface driver
[    3.622783] i8042: PNP: PS/2 Controller [PNP0303:PS2K,PNP0f03:PS2M] at 0x60,0x64 irq 1,12
[    3.647932] serio: i8042 KBD port at 0x60,0x64 irq 1
[    3.658748] serio: i8042 AUX port at 0x60,0x64 irq 12
[    3.786627] mousedev: PS/2 mouse device common for all mice
[    3.803750] input: AT Translated Set 2 keyboard as /devices/platform/i8042/serio0/input/input2
[    3.827701] rtc_cmos rtc_cmos: rtc core: registered rtc_cmos as rtc0
[    3.845856] rtc_cmos rtc_cmos: alarms up to one day, 114 bytes nvram
[    3.862714] i2c /dev entries driver
[    3.872656] device-mapper: uevent: version 1.0.3
[    3.883507] device-mapper: ioctl: 4.37.0-ioctl (2017-09-20) initialised: dm-devel@redhat.com
[    3.904375] ledtrig-cpu: registered to indicate activity on CPUs
[    3.918086] NET: Registered protocol family 10
[    3.940343] Segment Routing with IPv6
[    3.948392] NET: Registered protocol family 17
[    3.959218] Key type dns_resolver registered
[    3.969231] mce: Using 0 MCE banks
[    3.975909] RAS: Correctable Errors collector initialized.
[    3.985093] sched_clock: Marking stable (3984936675, 0)->(6482686704, -2497750029)
[    3.999770] registered taskstats version 1
[    4.007684] Loading compiled-in X.509 certificates
[    4.023184] Loaded X.509 cert 'Build time autogenerated kernel key: b5b26778eaa3ab3a4a6cee031137706e947d12ad'
[    4.042367] Loaded X.509 cert 'Canonical Ltd. Live Patch Signing: 14df34d1a87cf37625abec039ef2bf521249b969'
[    4.064622] Loaded X.509 cert 'Canonical Ltd. Kernel Module Signing: 88f752e560a1e0737e31163a466ad7b70a850c19'
[    4.086422] blacklist: Loading compiled-in revocation X.509 certificates
[    4.100509] Loaded X.509 cert 'Canonical Ltd. Secure Boot Signing: 61482aa2830d0ab2ad5af10b7250da9033ddcef0'
[    4.121253] Loaded X.509 cert 'Canonical Ltd. Secure Boot Signing (2017): 242ade75ac4a15e50d50c84b0d45ff3eae707a03'
[    4.141660] Loaded X.509 cert 'Canonical Ltd. Secure Boot Signing (ESM 2018): 365188c1d374d6b07c3c8f240f8ef722433d6a8b'
[    4.163743] Loaded X.509 cert 'Canonical Ltd. Secure Boot Signing (2019): c0746fd6c5da3ae827864651ad66ae47fe24b3e8'
[    4.185094] Loaded X.509 cert 'Canonical Ltd. Secure Boot Signing (2021 v1): a8d54bbb3825cfb94fa13c9f8a594a195c107b8d'
[    4.207985] Loaded X.509 cert 'Canonical Ltd. Secure Boot Signing (2021 v2): 4cf046892d6fd3c9a5b03f98d845f90851dc6a8c'
[    4.227690] Loaded X.509 cert 'Canonical Ltd. Secure Boot Signing (2021 v3): 100437bb6de6e469b581e61cd66bce3ef4ed53af'
[    4.246205] Loaded X.509 cert 'Canonical Ltd. Secure Boot Signing (Ubuntu Core 2019): c1d57b8f6b743f23ee41f4f7ee292f06eecadfb9'
[    4.269006] zswap: loaded using pool lzo/zbud
[    4.284500] Key type big_key registered
[    4.291061] Key type trusted registered
[    4.303947] Key type encrypted registered
[    4.312412] AppArmor: AppArmor sha1 policy hashing enabled
[    4.322591] ima: No TPM chip found, activating TPM-bypass! (rc=-19)
[    4.335463] ima: Allocated hash algorithm: sha1
[    4.345958] evm: HMAC attrs: 0x1
[    4.355096]   Magic number: 4:734:613
[    4.362875]  isa: hash matches
[    4.369331] rtc_cmos rtc_cmos: setting system clock to 2024-08-11 03:36:19 UTC (1723347379)
[    4.384372] BIOS EDD facility v0.16 2004-Jun-25, 0 devices found
[    4.396659] EDD information not available.
[    4.416822] Freeing unused kernel image memory: 2480K
[    4.428209] Write protecting the kernel read-only data: 20480k
[    4.443164] Freeing unused kernel image memory: 2008K
[    4.456498] Freeing unused kernel image memory: 1820K
[    4.474696] x86/mm: Checked W+X mappings: passed, no W+X pages found.
[    4.484554] x86/mm: Checking user space page tables
[    4.501869] x86/mm: Checked W+X mappings: passed, no W+X pages found.
Loading, please wait...
starting version 237
[    4.731794] e1000: Intel(R) PRO/1000 Network Driver - version 7.3.21-k8-NAPI
[    4.745203] e1000: Copyright (c) 1999-2006 Intel Corporation.
[    4.763259] Fusion MPT base driver 3.04.20
[    4.770075] Copyright (c) 1999-2008 LSI Corporation
[    4.842679] SSE version of gcm_enc/dec engaged.
[    4.907158] Fusion MPT SPI Host driver 3.04.20
[    5.099927] input: ImExPS/2 Generic Explorer Mouse as /devices/platform/i8042/serio1/input/input4
[    5.895196] e1000 0000:00:03.0 eth0: (PCI:33MHz:32-bit) 02:3b:7b:b7:3b:2d
[    5.906396] e1000 0000:00:03.0 eth0: Intel(R) PRO/1000 Network Connection
[    5.918915] mptbase: ioc0: Initiating bringup
[    6.040226] ioc0: LSI53C1030 A0: Capabilities={Initiator}
[    6.310459] scsi host2: ioc0: LSI53C1030 A0, FwRev=00000000h, Ports=1, MaxQ=256, IRQ=20
[    6.494601] scsi 2:0:0:0: Direct-Access     VBOX     HARDDISK         1.0  PQ: 0 ANSI: 5
[    6.513571] scsi target2:0:0: Beginning Domain Validation
[    6.533054] scsi target2:0:0: Domain Validation skipping write tests
[    6.545528] scsi target2:0:0: Ending Domain Validation
[    6.566005] scsi target2:0:0: asynchronous
[    6.586643] scsi 2:0:1:0: Direct-Access     VBOX     HARDDISK         1.0  PQ: 0 ANSI: 5
[    6.610534] scsi target2:0:1: Beginning Domain Validation
[    6.699228] scsi target2:0:1: Domain Validation skipping write tests
[    6.714555] scsi target2:0:1: Ending Domain Validation
[    6.753678] scsi target2:0:1: asynchronous
[    6.876149] sd 2:0:0:0: [sda] 83886080 512-byte logical blocks: (42.9 GB/40.0 GiB)
[    6.893793] sd 2:0:0:0: Attached scsi generic sg0 type 0
[    6.917508] sd 2:0:1:0: Attached scsi generic sg1 type 0
[    6.931452] sd 2:0:1:0: [sdb] 20480 512-byte logical blocks: (10.5 MB/10.0 MiB)
[    6.967476] sd 2:0:0:0: [sda] Write Protect is off
[    6.995610] sd 2:0:1:0: [sdb] Write Protect is off
[    7.006548] sd 2:0:0:0: [sda] Incomplete mode parameter data
[    7.020655] sd 2:0:0:0: [sda] Assuming drive cache: write through
[    7.037785] sd 2:0:1:0: [sdb] Incomplete mode parameter data
[    7.052490] sd 2:0:1:0: [sdb] Assuming drive cache: write through
[    7.105048]  sda: sda1
[    7.137741] sd 2:0:0:0: [sda] Attached SCSI disk
[    7.162698] sd 2:0:1:0: [sdb] Attached SCSI disk
[    8.085438] e1000 0000:00:08.0 eth1: (PCI:33MHz:32-bit) 08:00:27:61:c9:f2
[    8.100801] e1000 0000:00:08.0 eth1: Intel(R) PRO/1000 Network Connection
[    8.129244] e1000 0000:00:08.0 enp0s8: renamed from eth1
[    8.142030] e1000 0000:00:03.0 enp0s3: renamed from eth0
Begin: Loading essential drivers ... [   11.192067] raid6: sse2x1   gen()  7060 MB/s
[   11.244219] raid6: sse2x1   xor()  5171 MB/s
[   11.316169] raid6: sse2x2   gen()  9991 MB/s
[   11.380278] raid6: sse2x2   xor()  4840 MB/s
[   11.444163] raid6: sse2x4   gen()  7306 MB/s
[   11.516231] raid6: sse2x4   xor()  7931 MB/s
[   11.524136] raid6: using algorithm sse2x2 gen() 9991 MB/s
[   11.532843] raid6: .... xor() 4840 MB/s, rmw enabled
[   11.541054] raid6: using ssse3x2 recovery algorithm
[   11.551700] xor: measuring software checksum speed
[   11.664159]    prefetch64-sse: 34953.000 MB/sec
[   11.789871]    generic_sse: 29909.000 MB/sec
[   11.807153] xor: using function: prefetch64-sse (34953.000 MB/sec)
[   11.824883] async_tx: api initialized (async)
done.
Begin: Running /scripts/init-premount ... done.
Begin: Mounting root file system ... Begin: Running /scripts/local-top ... done.
Begin: Running /scripts/local-premount ... [   12.057546] Btrfs loaded, crc32c=crc32c-intel
Scanning for Btrfs filesystems
done.
Warning: fsck not present, so skipping root file system
[   12.243722] EXT4-fs (sda1): mounted filesystem with ordered data mode. Opts: (null)
done.
Begin: Running /scripts/local-bottom ... done.
Begin: Running /scripts/init-bottom ... done.
[   12.796625] ip_tables: (C) 2000-2006 Netfilter Core Team
[   12.854322] systemd[1]: systemd 237 running in system mode. (+PAM +AUDIT +SELINUX +IMA +APPARMOR +SMACK +SYSVINIT +UTMP +LIBCRYPTSETUP +GCRYPT +GNUTLS +ACL +XZ +LZ4 +SECCOMP +BLKID +ELFUTILS +KMOD -IDN2 +IDN -PCRE2 default-hierarchy=hybrid)
[   12.888634] systemd[1]: Detected virtualization oracle.
[   12.897166] systemd[1]: Detected architecture x86-64.

Welcome to [1mUbuntu 18.04.6 LTS[0m!

[   12.914671] systemd[1]: Set hostname to <ubuntu>.
[   12.936608] systemd[1]: Initializing machine ID from random generator.
[   12.947728] systemd[1]: Installed transient /etc/machine-id file.
[   13.729979] systemd[1]: Reached target System Time Synchronized.
[[0;32m  OK  [0m] Reached target System Time Synchronized.
[   13.754387] systemd[1]: Reached target Swap.
[[0;32m  OK  [0m] Reached target Swap.
[   13.771612] systemd[1]: Set up automount Arbitrary Executable File Formats File System Automount Point.
[[0;32m  OK  [0m] Set up automount Arbitrary Executabâ€¦rmats File System Automount Point.
[   13.804791] systemd[1]: Started Forward Password Requests to Wall Directory Watch.
[[0;32m  OK  [0m] Started Forward Password Requests to Wall Directory Watch.
[[0;32m  OK  [0m] Created slice User and Session Slice.
[[0;32m  OK  [0m] Reached target Mounting snaps.
[[0;32m  OK  [0m] Reached target Mounted snaps.
[[0;32m  OK  [0m] Created slice System Slice.
[[0;32m  OK  [0m] Created slice system-serial\x2dgetty.slice.
[[0;32m  OK  [0m] Reached target Slices.
[[0;32m  OK  [0m] Listening on Network Service Netlink Socket.
[[0;32m  OK  [0m] Listening on LVM2 poll daemon socket.
[[0;32m  OK  [0m] Listening on /dev/initctl Compatibility Named Pipe.
[[0;32m  OK  [0m] Listening on Device-mapper event daemon FIFOs.
[[0;32m  OK  [0m] Listening on fsck to fsckd communication Socket.
[[0;32m  OK  [0m] Listening on Journal Audit Socket.
[[0;32m  OK  [0m] Listening on udev Kernel Socket.
[[0;32m  OK  [0m] Listening on Journal Socket.
         Mounting Huge Pages File System...
         Starting File System Check on Root Device...
         Starting Load Kernel Modules...
         Starting Create list of required stâ€¦ce nodes for the current kernel...
         Starting Set the console keyboard layout...
         Mounting Kernel Debug File System...
[[0;32m  OK  [0m] Listening on Syslog Socket.
[[0;32m  OK  [0m] Listening on LVM2 metadata daemon socket.
         Starting Monitoring of LVM2 mirrorsâ€¦ng dmeventd or progress polling...[   14.119709] Loading iSCSI transport class v2.0-870.

[[0;32m  OK  [0m] Listening on udev Control Socket.
         Starting udev Coldplug all Devices...
[[0;32m  OK  [0m] Reached target User and Group Name Lookups.
[[0;32m  OK  [0m] Listening on Journal Socket (/dev/log).
         Starting Journal Service...
         Starting Uncomplicated firewall...
         Mounting POSIX Message Queue File System...
[[0;32m  OK  [0m] Mounted Huge Pages File System.
[   14.268182] iscsi: registered transport (tcp)
[[0;32m  OK  [0m] Started File System Check on Root Device.
[[0;32m  OK  [0m] Started Create list of required staâ€¦vice nodes for the current kernel.
[[0;32m  OK  [0m] Mounted Kernel Debug File System.
[[0;32m  OK  [0m] Mounted POSIX Message Queue File System.
[[0;32m  OK  [0m] Started File System Check Daemon to report status.
[[0;32m  OK  [0m] Started LVM2 metadata daemon.
         Starting Create Static Device Nodes in /dev...
         Starting Remount Root and Kernel File Systems...
[[0;32m  OK  [0m] Started Uncomplicated firewall.
[[0;32m  OK  [0m] Started Monitoring of LVM2 mirrors,â€¦sing dmeventd or progress polling.
[   14.564149] EXT4-fs (sda1): re-mounted. Opts: (null)
[[0;32m  OK  [0m] Started Create Static Device Nodes in /dev.
[[0;32m  OK  [0m] Started Journal Service.
[[0;32m  OK  [0m] Started Remount Root and Kernel File Systems.
         Starting Load/Save Random Seed...[   14.672725] iscsi: registered transport (iser)

         Starting Flush Journal to Persistent Storage...
         Starting udev Kernel Device Manager...
[   14.755873] systemd-journald[411]: Received request to flush runtime journal from PID 1
[[0;32m  OK  [0m] Started Load/Save Random Seed.
[[0;32m  OK  [0m] Started Load Kernel Modules.
         Mounting FUSE Control File System...
         Starting Apply Kernel Variables...
         Mounting Kernel Configuration File System...
[[0;32m  OK  [0m] Mounted FUSE Control File System.
[[0;32m  OK  [0m] Mounted Kernel Configuration File System.
[[0;32m  OK  [0m] Started udev Coldplug all Devices.
[[0;32m  OK  [0m] Started udev Kernel Device Manager.
[[0;32m  OK  [0m] Started Apply Kernel Variables.
[[0;32m  OK  [0m] Started Flush Journal to Persistent Storage.
[[0;32m  OK  [0m] Found device /dev/ttyS0.
[[0;32m  OK  [0m] Listening on Load/Save RF Kill Switch Status /dev/rfkill Watch.
[[0;32m  OK  [0m] Started Set the console keyboard layout.
[[0;32m  OK  [0m] Reached target Local File Systems (Pre).
[[0;32m  OK  [0m] Reached target Local File Systems.
         Starting Tell Plymouth To Write Out Runtime Data...
         Starting ebtables ruleset management...
         Starting Create Volatile Files and Directories...
         Starting Set console font and keymap...
         Starting Commit a transient machine-id on disk...
         Starting AppArmor initialization...
[[0;32m  OK  [0m] Started Dispatch Password Requests to Console Directory Watch.
[[0;32m  OK  [0m] Reached target Local Encrypted Volumes.
[[0;32m  OK  [0m] Started Tell Plymouth To Write Out Runtime Data.
[[0;32m  OK  [0m] Started Commit a transient machine-id on disk.
[[0;32m  OK  [0m] Started Create Volatile Files and Directories.
         Starting Update UTMP about System Boot/Shutdown...
[[0;32m  OK  [0m] Started Update UTMP about System Boot/Shutdown.
[[0;32m  OK  [0m] Started ebtables ruleset management.
         Mounting Arbitrary Executable File Formats File System...
[[0;32m  OK  [0m] Mounted Arbitrary Executable File Formats File System.
[[0;32m  OK  [0m] Started AppArmor initialization.
         Starting Load AppArmor profiles managed internally by snapd...
         Starting Initial cloud-init job (pre-networking)...
[[0;32m  OK  [0m] Started Load AppArmor profiles managed internally by snapd.
[[0;32m  OK  [0m] Started Set console font and keymap.
[   28.714661] cloud-init[764]: Cloud-init v. 23.1.2-0ubuntu0~18.04.1 running 'init-local' at Sun, 11 Aug 2024 03:36:43 +0000. Up 27.95 seconds.
[[0;32m  OK  [0m] Started Initial cloud-init job (pre-networking).
[[0;32m  OK  [0m] Reached target Network (Pre).
         Starting Network Service...
[[0;32m  OK  [0m] Started Network Service.
         Starting Wait for Network to be Configured...
         Starting Network Name Resolution...
[[0;32m  OK  [0m] Started Network Name Resolution.
[[0;32m  OK  [0m] Reached target Host and Network Name Lookups.
[[0;32m  OK  [0m] Reached target Network.
[[0;32m  OK  [0m] Started Wait for Network to be Configured.
         Starting Initial cloud-init job (metadata service crawler)...
[   33.171170] cloud-init[908]: Cloud-init v. 23.1.2-0ubuntu0~18.04.1 running 'init' at Sun, 11 Aug 2024 03:36:47 +0000. Up 32.52 seconds.
[   33.218050] cloud-init[908]: ci-info: ++++++++++++++++++++++++++++++++++++++Net device info+++++++++++++++++++++++++++++++++++++++
[   33.262672] cloud-init[908]: ci-info: +--------+-------+----------------------------+---------------+--------+-------------------+
[   33.305052] cloud-init[908]: ci-info: | Device |   Up  |          Address           |      Mask     | Scope  |     Hw-Address    |
[   33.333833] cloud-init[908]: ci-info: +--------+-------+----------------------------+---------------+--------+-------------------+
[   33.380689] cloud-init[908]: ci-info: | enp0s3 |  True |         10.0.2.15          | 255.255.255.0 | global | 02:3b:7b:b7:3b:2d |
[   33.421368] cloud-init[908]: ci-info: | enp0s3 |  True | fe80::3b:7bff:feb7:3b2d/64 |       .       |  link  | 02:3b:7b:b7:3b:2d |
[   33.464398] cloud-init[908]: ci-info: | enp0s8 | False |             .              |       .       |   .    | 08:00:27:61:c9:f2 |
[   33.497731] cloud-init[908]: ci-info: |   lo   |  True |         127.0.0.1          |   255.0.0.0   |  host  |         .         |
[   33.533026] cloud-init[908]: ci-info: |   lo   |  True |          ::1/128           |       .       |  host  |         .         |
[   33.565450] cloud-init[908]: ci-info: +--------+-------+----------------------------+---------------+--------+-------------------+
[   33.598530] cloud-init[908]: ci-info: ++++++++++++++++++++++++++++Route IPv4 info+++++++++++++++++++++++++++++
[   33.617599] cloud-init[908]: ci-info: +-------+-------------+----------+-----------------+-----------+-------+
[   33.646466] cloud-init[908]: ci-info: | Route | Destination | Gateway  |     Genmask     | Interface | Flags |
[   33.682716] cloud-init[908]: ci-info: +-------+-------------+----------+-----------------+-----------+-------+
[   33.712359] cloud-init[908]: ci-info: |   0   |   0.0.0.0   | 10.0.2.2 |     0.0.0.0     |   enp0s3  |   UG  |
[   33.736084] cloud-init[908]: ci-info: |   1   |   10.0.2.0  | 0.0.0.0  |  255.255.255.0  |   enp0s3  |   U   |
[   33.761566] cloud-init[908]: ci-info: |   2   |   10.0.2.2  | 0.0.0.0  | 255.255.255.255 |   enp0s3  |   UH  |
[   33.788135] cloud-init[908]: ci-info: +-------+-------------+----------+-----------------+-----------+-------+
[   33.819206] cloud-init[908]: ci-info: +++++++++++++++++++Route IPv6 info+++++++++++++++++++
[   33.843822] cloud-init[908]: ci-info: +-------+-------------+---------+-----------+-------+
[   33.873776] cloud-init[908]: ci-info: | Route | Destination | Gateway | Interface | Flags |
[   33.894347] cloud-init[908]: ci-info: +-------+-------------+---------+-----------+-------+
[   33.918733] cloud-init[908]: ci-info: |   1   |  fe80::/64  |    ::   |   enp0s3  |   U   |
[   33.948938] cloud-init[908]: ci-info: |   3   |    local    |    ::   |   enp0s3  |   U   |
[   33.985261] cloud-init[908]: ci-info: |   4   |   ff00::/8  |    ::   |   enp0s3  |   U   |
[   34.010626] cloud-init[908]: ci-info: +-------+-------------+---------+-----------+-------+
[   35.750478] cloud-init[908]: Generating public/private rsa key pair.
[   35.784517] cloud-init[908]: Your identification has been saved in /etc/ssh/ssh_host_rsa_key.
[   35.817622] cloud-init[908]: Your public key has been saved in /etc/ssh/ssh_host_rsa_key.pub.
[   35.845102] cloud-init[908]: The key fingerprint is:
[   35.877785] cloud-init[908]: SHA256:gj7eWGzQDHdTmDpeJSsXWAGJeaWJfXAN3qpZJFzj5IY root@ubuntu-bionic
[   35.909752] cloud-init[908]: The key's randomart image is:
[   35.933192] cloud-init[908]: +---[RSA 2048]----+
[   35.950473] cloud-init[908]: |     oo*X*.      |
[   35.975188] cloud-init[908]: |    o++%=+o      |
[   35.997134] cloud-init[[0;32m  OK  [0m[908]: |    o.E.X=.      |] Started Initial cloud-init job (metadata service crawler).
[   36.019001] 
[[0;32m  OK  [0mcloud-init[908]: ] Reached target Cloud-config availability.
|     *+*+o       |
[[0;32m  OK  [0m] Reached target System Initialization.[   36.060023] 
[[0;32m  OK  [0mcloud-init] Listening on cloud-init hotplug hook socket.[908]: |    o.+=S        |

[[0;32m  OK  [0m[   36.097485] cloud-init] Started ACPI Events Check.[908]: |   . o.=         |

[[0;32m  OK  [0m] [   36.128746] cloud-init[908]: |    o *          |Reached target Paths.

[   36.142616] [[0;32m  OK  [0m] Started Daily apt download activities.cloud-init[908]: |   . *           |

[   36.167304] [[0;32m  OK  [0mcloud-init] Listening on UUID daemon activation socket.[908]: |    o .          |

[[   36.193971] [0;32m  OK  [0m] Started Discard unused blocks once a week.cloud-init[908]: +----[SHA256]-----+

[[0;32m  OK  [0m[   36.222758] cloud-init[908]: Generating public/private dsa key pair.] Listening on ACPID Listen Socket.
         
[   36.242716] Starting Socket activation for snappy daemon.
[[0;32m  OK  [0mcloud-init[908]: Your identification has been saved in /etc/ssh/ssh_host_dsa_key.] Listening on D-Bus System Message Bus Socket.
[[0;32m  OK  [0m
[   36.282959] ] Started Daily Cleanup of Temporary Directories.cloud-init[908]: 
[[0;32m  OK  [0mYour public key has been saved in /etc/ssh/ssh_host_dsa_key.pub.] Listening on Open-iSCSI iscsid Socket.
[   36.318837] 
[[0;32m  OK  [0mcloud-init[908]: The key fingerprint is:] Started Ubuntu Advantage Timer for running repeated jobs.
[   36.344179] cloud-init
[[908]: SHA256:oUKvKPsW8tDesbli4NpPKG5AO/RKYoLaJzQcNacxlYY root@ubuntu-bionic[0;32m  OK  [0m] Started Message of the Day.
[   36.372869] cloud-init
[908]:          The key's randomart image is:
Starting LXD - unix socket.
[[0;32m  OK  [0m] Started Daily apt upgrade and clean activities.[   36.417428] 
cloud-init[908]: [[0;32m  OK  [0m] +---[DSA 1024]----+Reached target Timers.

[[0;32m  OK  [0m[   36.455603] ] Reached target Network is Online.cloud-init[908]: 
|     o..         |[[0;32m  OK  [0m] Reached target Remote File Systems (Pre).
[   36.495012] 
[cloud-init[0;32m  OK  [0m] Reached target Remote File Systems.[908]: |    E +          |
         
[   36.534907] Starting Availability of block devices...
[[0;32m  OK  [0mcloud-init] Listening on Socket activation for snappy daemon.[908]: 
[|   ..B  .        |[0;32m  OK  [0m] Listening on LXD - unix socket.

[[   36.597191] cloud-init[0;32m  OK  [0m] Started Availability of block devices.[908]: 
[[0;32m  OK  [0m| o.... . .       |] Reached target Sockets.
[   36.630989] 
[[0;32m  OK  [0m] cloud-init[908]: Reached target Basic System.|+oo.. o S        |

         Starting LSB: automatic crash report generation...[   36.684039] 
cloud-init         Starting Virtualbox guest utils...
[908]: |O=*+.o           |         Starting LSB: Record successful boot for GRUB...

         Starting System Logging Service...
[   36.812368] cloud-init         Starting Pollinate to seed the pseudo random number generator...
         [908]: Starting LXD - container startup/shutdown...
[[0;32m  OK  [0m] Started irqbalance daemon.
[[0;32m  OK  [0m] Started Deferred execution scheduler.|@O=+o+           |
         Starting Snap Daemon...

         Starting Permit User Sessions...
[[0;32m  OK  [0m] Started D-Bus System Message Bus.
[   37.128089] cloud-init[908]: |oOO.=            |
[   37.183863] cloud-init[908]: |==o=o.           |
[   37.228088] cloud-init[908]: +----[SHA256]-----+
[   37.278463] cloud-init[908]: Generating public/private ecdsa key pair.
[   37.316079] cloud-init[908]: Your identification has been saved in /etc/ssh/ssh_host_ecdsa_key.
[   37.396202] cloud-init[908]: [Your public key has been saved in /etc/ssh/ssh_host_ecdsa_key.pub.[0;32m  OK  [0m] Started FUSE filesystem for LXC.
         Starting Accounts Service...

[   37.528865] cloud-init[908]: The key fingerprint is:
[   37.598273] cloud-init[908]: SHA256:5lc12Hdoexb2mZnULJZ072Y9Aai6YujnPZd1gT/9iCc root@ubuntu-bionic
[   37.659306] cloud-init[908]: The key's randomart image is:
[   37.697683] [[0;32m  OK  [0m] Started Regular background program processing daemon.
cloud-init         Starting Login Service...
[[0;32m  OK  [0m[908]: ] Reached target Login Prompts (Pre).
+---[ECDSA 256]---+
[   37.830092] cloud-init[908]: |            ... .|
[   37.886753] cloud-init[908]: |           . +.=o|
         Starting Dispatcher daemon for systemd-networkd...
[   37.957830] [[0;32m  OK  [0m] Started System Logging Service.
[[0;32m  OK  [0m] Started Permit User Sessions.cloud-init
[908]: |          . o X=*|         Starting Terminate Plymouth Boot Screen...
         Starting Hold until boot process finishes up...
[[0;32m  OK  [0m] Started Hold until boot process finishes up.

[[0;32m  OK  [0m] Started Terminate Plymouth Boot Screen.
[   38.304712] [[0;32m  OK  [0m] Started Login Service.
[[0;32m  OK  [0m] Started Unattended Upgrades Shutdown.
         Starting Authorization Manager...
         cloud-initStarting Set console scheme...
[[0;32m  OK  [0m] Started Serial Getty on ttyS0.[908]: 
|         . . =o*@|
[[0;32m  OK  [0m] Started Set console scheme.
[[0;32m  OK  [0m] Created slice system-getty.slice.
[[0;32m  OK  [0m] Started Getty on tty1.
[[0;32m  OK  [0m[   38.677820] cloud-init] Reached target Login Prompts.
[908]: |        S   o +*O|[[0;32m  OK  [0m] Started LSB: Record successful boot for GRUB.

[[0;32m  OK  [0m[   38.827307] ] Started LSB: automatic crash report generation.
cloud-init[908]: |       +   o + *.|
[   38.926225] cloud-init[908]: |    .   o + .....|
[   38.982298] cloud-init[908]: |   . +.o +  E o .|[[0;32m  OK  [0m] Started Authorization Manager.

[[0;32m  OK  [0m] Started Accounts Service.
[   39.117514] cloud-init[908]: |  ..+...o    o   |
[   39.194262] cloud-init[908]: +----[SHA256]-----+
[   39.261012] [[0;32m  OK  [0m] Started LXD - container startup/shutdown.
cloud-init[908]: Generating public/private ed25519 key pair.
[   39.381906] cloud-init[908]: Your identification has been saved in /etc/ssh/ssh_host_ed25519_key.
[   39.507891] cloud-init[908]: Your public key has been saved in /etc/ssh/ssh_host_ed25519_key.pub.
[   39.605019] cloud-init[908]: The key fingerprint is:
[   39.691117] cloud-init[908]: SHA256:549Yn+pEzVnUk2T1/mrkCPvBVWhLE3hzv3uJGvenTRE root@ubuntu-bionic
[   39.749003] cloud-init[908]: The key's randomart image is:
[   39.804854] cloud-init[908]: +--[ED25519 256]--+
[   39.847860] cloud-init[908]: |             .+++|
[[0;32m  OK  [0m[   39.970883] ] Started Virtualbox guest utils.
cloud-init[908]: |            ..+=+|
[   40.037167] cloud-init[908]: |             .*E=|
[   40.129681] cloud-init[908]: |           o = =o|
[   40.279346] cloud-init[908]: |        S o + o.o|
[   40.357844] cloud-init[908]: |         +.. ...o|
[   40.485655] cloud-init[908]: |          ++o=. =|
[   40.561609] cloud-init[908]: |         +.++++*o|
[   40.780217] cloud-init[908]: |        ..++*.oo+|
[   40.849649] cloud-init[908]: +----[SHA256]-----+
[[0;32m  OK  [0m] Started Dispatcher daemon for systemd-networkd.
[[0;32m  OK  [0m] Started Pollinate to seed the pseudo random number generator.
         Starting OpenBSD Secure Shell server...
[[0;32m  OK  [0m] Started OpenBSD Secure Shell server.
[[0;32m  OK  [0m] Started Snap Daemon.
         Starting Wait until snapd is fully seeded...
[[0;32m  OK  [0m] Created slice User Slice of vagrant.
         Starting User Manager for UID 1000...
[[0;32m  OK  [0m] Started Session 1 of user vagrant.

Ubuntu 18.04.6 LTS ubuntu-bionic ttyS0

ubuntu-bionic login: [   58.933021] cloud-init[1408]: Cloud-init v. 23.1.2-0ubuntu0~18.04.1 running 'modules:config' at Sun, 11 Aug 2024 03:37:11 +0000. Up 56.83 seconds.
ci-info: no authorized SSH keys fingerprints found for user ubuntu.
<14>Aug 11 03:37:16 cloud-init: #############################################################
<14>Aug 11 03:37:16 cloud-init: -----BEGIN SSH HOST KEY FINGERPRINTS-----
<14>Aug 11 03:37:17 cloud-init: 1024 SHA256:oUKvKPsW8tDesbli4NpPKG5AO/RKYoLaJzQcNacxlYY root@ubuntu-bionic (DSA)
<14>Aug 11 03:37:17 cloud-init: 256 SHA256:5lc12Hdoexb2mZnULJZ072Y9Aai6YujnPZd1gT/9iCc root@ubuntu-bionic (ECDSA)
<14>Aug 11 03:37:17 cloud-init: 256 SHA256:549Yn+pEzVnUk2T1/mrkCPvBVWhLE3hzv3uJGvenTRE root@ubuntu-bionic (ED25519)
<14>Aug 11 03:37:17 cloud-init: 2048 SHA256:gj7eWGzQDHdTmDpeJSsXWAGJeaWJfXAN3qpZJFzj5IY root@ubuntu-bionic (RSA)
<14>Aug 11 03:37:17 cloud-init: -----END SSH HOST KEY FINGERPRINTS-----
<14>Aug 11 03:37:17 cloud-init: #############################################################
-----BEGIN SSH HOST KEY KEYS-----
ecdsa-sha2-nistp256 AAAAE2VjZHNhLXNoYTItbmlzdHAyNTYAAAAIbmlzdHAyNTYAAABBBDoaAJvx/D4cgBil4pNi0eA+vfNp5DhwBf5vQ9RNzZyRTI/ZR38Socs5aMNUA35EEoPyFyszKRRMzHc54M349nI= root@ubuntu-bionic
ssh-ed25519 AAAAC3NzaC1lZDI1NTE5AAAAIOK8fyMTHW50xy+Xg5AjW/9njzZ2dsh5bA+JraK9/Xkm root@ubuntu-bionic
ssh-rsa AAAAB3NzaC1yc2EAAAADAQABAAABAQCn2dQFnAA5KAPI0EAAvxQ1pZfL6c5ZbfwbSC8kZPD0HSuzQvwxoojbS/TZYwTwFtnabJ0GG38cie9WmCF57j63nXdDpDz4NvMc1hZ5lv/D0bDxt1VWhbQNNDSYLzqTazj04ZaaIJs+5nGb6fREIzzz2yOzGGDBmou893oLPbeVvwGT/cN86bEH3EMfn9dGEWuEHwVTQCEuNQJCNdVQkeLAltcYOr8i8SIY+8wubcG8hN8K9m13PxtG4ML83ULK4tayAayy/kHHtAQhzFfxMsLqRnekDTijP2KSysqE6VpK89hgrfR71mfi6jpo0tWN7HxvdQEgJIPVK+UmJ7C85r8X root@ubuntu-bionic
-----END SSH HOST KEY KEYS-----
[   62.189908] cloud-init[1596]: Cloud-init v. 23.1.2-0ubuntu0~18.04.1 running 'modules:final' at Sun, 11 Aug 2024 03:37:16 +0000. Up 61.25 seconds.
[   62.230868] cloud-init[1596]: Cloud-init v. 23.1.2-0ubuntu0~18.04.1 finished at Sun, 11 Aug 2024 03:37:17 +0000. Datasource DataSourceNoCloud [seed=/dev/sdb][dsmode=net].  Up 62.17 seconds
